
> my-web@0.0.1 build
> astro build

[2m21:54:26[22m [34m[content][39m Syncing content
[2m21:54:26[22m [34m[content][39m Synced content
[2m21:54:26[22m [34m[types][39m Generated [2m542ms[22m
[2m21:54:26[22m [34m[build][39m output: [34m"static"[39m
[2m21:54:26[22m [34m[build][39m mode: [34m"static"[39m
[2m21:54:26[22m [34m[build][39m directory: [34mC:\Users\omara\Pictures\my web\dist\[39m
[2m21:54:26[22m [34m[build][39m Collecting build info...
[2m21:54:26[22m [34m[build][39m [32mΓ£ô Completed in 576ms.[39m
[2m21:54:26[22m [34m[build][39m Building static entrypoints...
[33m[1m21:54:27[22m [WARN] [vite][39m 
/fonts/Tenwork.ttf referenced in /fonts/Tenwork.ttf didn't resolve at build time, it will remain unchanged to be resolved at runtime
[33m[1m21:54:27[22m [WARN] [vite][39m 
/fonts/SinarGrotesk-Bold-Trial.otf referenced in /fonts/SinarGrotesk-Bold-Trial.otf didn't resolve at build time, it will remain unchanged to be resolved at runtime
[2m21:54:29[22m [34m[vite][39m [32mΓ£ô built in 2.86s[39m
[2m21:54:29[22m [34m[build][39m [32mΓ£ô Completed in 2.91s.[39m

[42m[30m building client (vite) [39m[49m
[2m21:54:29[22m [34m[vite][39m transforming...
[2m21:54:29[22m [34m[vite][39m [32mΓ£ô[39m 10 modules transformed.
[33m[1m21:54:29[22m [WARN] [vite][39m [33mGenerated an empty chunk: "settings.astro_astro_type_script_index_0_lang".[39m
[2m21:54:29[22m [34m[vite][39m rendering chunks...
[2m21:54:29[22m [34m[vite][39m computing gzip size...
[2m21:54:29[22m [34m[vite][39m [2mdist/[22m[36m_astro/index.astro_astro_type_script_index_1_lang.Ds9P6cqp.js  [39m[1m[2m0.05 kB[22m[1m[22m[2m Γöé gzip: 0.07 kB[22m
[2m21:54:29[22m [34m[vite][39m [2mdist/[22m[36m_astro/cms.astro_astro_type_script_index_0_lang.ClYIQhV0.js    [39m[1m[2m0.06 kB[22m[1m[22m[2m Γöé gzip: 0.07 kB[22m
[2m21:54:29[22m [34m[vite][39m [32mΓ£ô built in 74ms[39m

[42m[30m generating static routes [39m[49m
[2m21:54:29[22m [32mΓû╢[39m src/pages/404.astro
[2m21:54:29[22m   [34mΓööΓöÇ[39m [2m/404.html[22m [2m(+19ms)[22m 
[2m21:54:29[22m [32mΓû╢[39m src/pages/about.astro
[2m21:54:29[22m   [34mΓööΓöÇ[39m [2m/about/index.html[22m [2m(+8ms)[22m 
[2m21:54:29[22m [32mΓû╢[39m src/pages/admin/cms.astro
[2m21:54:29[22m   [34mΓööΓöÇ[39m [2m/admin/cms/index.html[22m [2m(+5ms)[22m 
[2m21:54:29[22m [32mΓû╢[39m src/pages/admin/media.astro
[2m21:54:29[22m   [34mΓööΓöÇ[39m [2m/admin/media/index.html[22m [2m(+4ms)[22m 
[2m21:54:29[22m [32mΓû╢[39m src/pages/admin/posts.astro
[2m21:54:29[22m   [34mΓööΓöÇ[39m [2m/admin/posts/index.html[22m [2m(+31ms)[22m 
[2m21:54:29[22m [32mΓû╢[39m src/pages/admin/projects.astro
[2m21:54:29[22m   [34mΓööΓöÇ[39m [2m/admin/projects/index.html[22m [2m(+12ms)[22m 
[2m21:54:29[22m [32mΓû╢[39m src/pages/admin/seo.astro
[2m21:54:29[22m   [34mΓööΓöÇ[39m [2m/admin/seo/index.html[22m [2m(+8ms)[22m 
[2m21:54:29[22m [32mΓû╢[39m src/pages/admin/services.astro
[2m21:54:29[22m   [34mΓööΓöÇ[39m [2m/admin/services/index.html[22m [2m(+14ms)[22m 
[2m21:54:29[22m [32mΓû╢[39m src/pages/admin/settings.astro
[2m21:54:29[22m   [34mΓööΓöÇ[39m [2m/admin/settings/index.html[22m [2m(+18ms)[22m 
[2m21:54:29[22m [32mΓû╢[39m src/pages/admin/index.astro
[2m21:54:29[22m   [34mΓööΓöÇ[39m [2m/admin/index.html[22m [2m(+12ms)[22m 
[2m21:54:29[22m [32mΓû╢[39m src/pages/blog/index.astro
[2m21:54:29[22m   [34mΓööΓöÇ[39m [2m/blog/index.html[22m [2m(+22ms)[22m 
[2m21:54:29[22m [32mΓû╢[39m src/pages/blog/[...slug].astro
[2m21:54:29[22m   [34mΓö£ΓöÇ[39m [2m/blog/using-mdx/index.html[22m [2m(+23ms)[22m 
[2m21:54:29[22m   [34mΓö£ΓöÇ[39m [2m/blog/first-post/index.html[22m [2m(+8ms)[22m 
[2m21:54:29[22m   [34mΓö£ΓöÇ[39m [2m/blog/third-post/index.html[22m [2m(+9ms)[22m 
[2m21:54:29[22m   [34mΓö£ΓöÇ[39m [2m/blog/second-post/index.html[22m [2m(+8ms)[22m 
[2m21:54:29[22m   [34mΓööΓöÇ[39m [2m/blog/markdown-style-guide/index.html[22m [2m(+11ms)[22m 
[2m21:54:29[22m [32mΓû╢[39m src/pages/contact.astro
[2m21:54:29[22m   [34mΓööΓöÇ[39m [2m/contact/index.html[22m [2m(+6ms)[22m 
[2m21:54:29[22m [32mΓû╢[39m src/pages/faq.astro
[2m21:54:29[22m   [34mΓööΓöÇ[39m [2m/faq/index.html[22m [2m(+8ms)[22m 
[2m21:54:29[22m [32mΓû╢[39m src/pages/pricing.astro
[2m21:54:29[22m   [34mΓööΓöÇ[39m [2m/pricing/index.html[22m [2m(+5ms)[22m 
[2m21:54:29[22m [32mΓû╢[39m src/pages/projects/[slug].astro
[2m21:54:29[22m   [34mΓö£ΓöÇ[39m [2m/projects/al-fanous-coffee/index.html[22m [2m(+10ms)[22m 
[2m21:54:29[22m   [34mΓö£ΓöÇ[39m [2m/projects/al-awsat-news/index.html[22m [2m(+7ms)[22m 
[2m21:54:29[22m   [34mΓö£ΓöÇ[39m [2m/projects/al-shuraidi/index.html[22m [2m(+8ms)[22m 
[2m21:54:29[22m   [34mΓö£ΓöÇ[39m [2m/projects/arkan/index.html[22m [2m(+7ms)[22m 
[2m21:54:29[22m   [34mΓö£ΓöÇ[39m [2m/projects/arkan-business-card/index.html[22m [2m(+8ms)[22m 
[2m21:54:29[22m   [34mΓö£ΓöÇ[39m [2m/projects/arkan-website/index.html[22m [2m(+6ms)[22m 
[2m21:54:29[22m   [34mΓö£ΓöÇ[39m [2m/projects/arkan-logo-identity/index.html[22m [2m(+5ms)[22m 
[2m21:54:29[22m   [34mΓö£ΓöÇ[39m [2m/projects/code-spire-facebook-cover/index.html[22m [2m(+5ms)[22m 
[2m21:54:29[22m   [34mΓö£ΓöÇ[39m [2m/projects/abajte/index.html[22m [2m(+5ms)[22m 
[2m21:54:29[22m   [34mΓö£ΓöÇ[39m [2m/projects/dr-marwan-banner/index.html[22m [2m(+6ms)[22m 
[2m21:54:29[22m   [34mΓö£ΓöÇ[39m [2m/projects/english-station/index.html[22m [2m(+6ms)[22m 
[2m21:54:29[22m   [34mΓö£ΓöÇ[39m [2m/projects/egyptian-museum-poster/index.html[22m [2m(+5ms)[22m 
[2m21:54:29[22m   [34mΓö£ΓöÇ[39m [2m/projects/falez-fitness-lifestyle-ad/index.html[22m [2m(+7ms)[22m 
[2m21:54:29[22m   [34mΓö£ΓöÇ[39m [2m/projects/falez-fresh-clean-ad/index.html[22m [2m(+9ms)[22m 
[2m21:54:29[22m   [34mΓö£ΓöÇ[39m [2m/projects/falez-product-showcase/index.html[22m [2m(+6ms)[22m 
[2m21:54:29[22m   [34mΓö£ΓöÇ[39m [2m/projects/falez-museum-civilization-post/index.html[22m [2m(+6ms)[22m 
[2m21:54:29[22m   [34mΓö£ΓöÇ[39m [2m/projects/falez-social-media-styles/index.html[22m [2m(+7ms)[22m 
[2m21:54:29[22m   [34mΓö£ΓöÇ[39m [2m/projects/kalista-shirt-set/index.html[22m [2m(+4ms)[22m 
[2m21:54:29[22m   [34mΓö£ΓöÇ[39m [2m/projects/insulin-medical-explainer-video/index.html[22m [2m(+5ms)[22m 
[2m21:54:29[22m   [34mΓö£ΓöÇ[39m [2m/projects/fast-paced-visual-edit/index.html[22m [2m(+5ms)[22m 
[2m21:54:29[22m   [34mΓö£ΓöÇ[39m [2m/projects/museum-brand-story-post/index.html[22m [2m(+7ms)[22m 
[2m21:54:29[22m   [34mΓö£ΓöÇ[39m [2m/projects/omar-creatives/index.html[22m [2m(+5ms)[22m 
[2m21:54:29[22m   [34mΓö£ΓöÇ[39m [2m/projects/romwear-flowa-banner/index.html[22m [2m(+6ms)[22m 
[2m21:54:29[22m   [34mΓö£ΓöÇ[39m [2m/projects/new-year-fashion-promo/index.html[22m [2m(+8ms)[22m 
[2m21:54:29[22m   [34mΓö£ΓöÇ[39m [2m/projects/rom-wear/index.html[22m [2m(+8ms)[22m 
[2m21:54:29[22m   [34mΓö£ΓöÇ[39m [2m/projects/product-ad-deodorant/index.html[22m [2m(+7ms)[22m 
[2m21:54:29[22m   [34mΓö£ΓöÇ[39m [2m/projects/sale-end-of-season/index.html[22m [2m(+5ms)[22m 
[2m21:54:29[22m   [34mΓö£ΓöÇ[39m [2m/projects/seropipe-shampoo-ad/index.html[22m [2m(+5ms)[22m 
[2m21:54:29[22m   [34mΓö£ΓöÇ[39m [2m/projects/seropipe-brand-campaign/index.html[22m [2m(+6ms)[22m 
[2m21:54:29[22m   [34mΓö£ΓöÇ[39m [2m/projects/souqoom-social-media-cover/index.html[22m [2m(+6ms)[22m 
[2m21:54:29[22m   [34mΓö£ΓöÇ[39m [2m/projects/souqoom/index.html[22m [2m(+5ms)[22m 
[2m21:54:29[22m   [34mΓö£ΓöÇ[39m [2m/projects/tech-company-website/index.html[22m [2m(+5ms)[22m 
[2m21:54:29[22m   [34mΓö£ΓöÇ[39m [2m/projects/taraf-winter-collection/index.html[22m [2m(+4ms)[22m 
[2m21:54:29[22m   [34mΓö£ΓöÇ[39m [2m/projects/youssef-dress-invoice/index.html[22m [2m(+5ms)[22m 
[2m21:54:29[22m   [34mΓööΓöÇ[39m [2m/projects/youssef-dress/index.html[22m [2m(+4ms)[22m 
[2m21:54:29[22m [32mΓû╢[39m src/pages/projects.astro
[2m21:54:29[22m   [34mΓööΓöÇ[39m [2m/projects/index.html[22m [2m(+8ms)[22m 
[2m21:54:29[22m [35m╬╗[39m src/pages/rss.xml.js
[2m21:54:29[22m   [34mΓööΓöÇ[39m [2m/rss.xml[22m [2m(+8ms)[22m 
[2m21:54:29[22m [32mΓû╢[39m src/pages/services/[slug].astro
[2m21:54:29[22m   [34mΓö£ΓöÇ[39m [2m/services/ui-ux-design/index.html[22m [2m(+4ms)[22m 
[2m21:54:29[22m   [34mΓö£ΓöÇ[39m [2m/services/ai-content/index.html[22m [2m(+3ms)[22m 
[2m21:54:29[22m   [34mΓö£ΓöÇ[39m [2m/services/app-development/index.html[22m [2m(+3ms)[22m 
[2m21:54:29[22m   [34mΓööΓöÇ[39m [2m/services/web-design/index.html[22m [2m(+4ms)[22m 
[2m21:54:29[22m [32mΓû╢[39m src/pages/services.astro
node.exe : Cannot read properties of undefined (reading 
'split')
At C:\Program Files\nodejs\npm.ps1:29 char:3
+   & $NODE_EXE $NPM_CLI_JS $args
+   ~~~~~~~~~~~~~~~~~~~~~~~~~~~~~
    + CategoryInfo          : NotSpecified: (Cannot rea 
   d pro...eading 'split'):String) [], RemoteException
    + FullyQualifiedErrorId : NativeCommandError
 
  [1mStack trace:[22m
[2m    at file:///C:/Users/omara/Pictures/my%20web/dist
/pages/services.astro.mjs?time=1771098869945:19:455
    at file:///C:/Users/omara/Pictures/my%20web/dist/pag
es/services.astro.mjs?time=1771098869945:17:131
    at async renderToString (file:///C:/Users/omara/Pict
ures/my%20web/node_modules/astro/dist/runtime/server/ren
der/astro/render.js:14:26)
    at async lastNext (file:///C:/Users/omara/Pictures/m
y%20web/node_modules/astro/dist/core/render-context.js:2
15:25)
    at async callMiddleware (file:///C:/Users/omara/Pict
ures/my%20web/node_modules/astro/dist/core/middleware/ca
llMiddleware.js:11:10)[22m
[2m21:54:29[22m   [34mΓööΓöÇ[39m [2m/services/index.html[22m
